// Jest Snapshot v1, https://goo.gl/fbAQLP

exports[`<App /> should render 1`] = `
<DocumentFragment>
  <section
    class="app"
  >
    <header
      class="app__header"
    >
      <h1
        class="app__header-title"
        data-testid="title"
      >
        Welcome to my boilerplate
      </h1>
    </header>
  </section>
</DocumentFragment>
`;
